[    0.000000] Linux version 4.15.0-210-generic (buildd@lcy02-amd64-056) (gcc version 7.5.0 (Ubuntu 7.5.0-3ubuntu1~18.04)) #221-Ubuntu SMP Tue Apr 18 08:32:52 UTC 2023 (Ubuntu 4.15.0-210.221-generic 4.15.18)
[    0.000000] Command line: BOOT_IMAGE=/boot/vmlinuz-4.15.0-210-generic root=LABEL=cloudimg-rootfs ro console=tty1 console=ttyS0
[    0.000000] KERNEL supported cpus:
[    0.000000]   Intel GenuineIntel
[    0.000000]   AMD AuthenticAMD
[    0.000000]   Centaur CentaurHauls
[    0.000000] x86/fpu: Supporting XSAVE feature 0x001: 'x87 floating point registers'
[    0.000000] x86/fpu: Supporting XSAVE feature 0x002: 'SSE registers'
[    0.000000] x86/fpu: Supporting XSAVE feature 0x004: 'AVX registers'
[    0.000000] x86/fpu: xstate_offset[2]:  576, xstate_sizes[2]:  256
[    0.000000] x86/fpu: Enabled xstate features 0x7, context size is 832 bytes, using 'standard' format.
[    0.000000] e820: BIOS-provided physical RAM map:
[    0.000000] BIOS-e820: [mem 0x0000000000000000-0x000000000009fbff] usable
[    0.000000] BIOS-e820: [mem 0x000000000009fc00-0x000000000009ffff] reserved
[    0.000000] BIOS-e820: [mem 0x00000000000f0000-0x00000000000fffff] reserved
[    0.000000] BIOS-e820: [mem 0x0000000000100000-0x000000003ffeffff] usable
[    0.000000] BIOS-e820: [mem 0x000000003fff0000-0x000000003fffffff] ACPI data
[    0.000000] BIOS-e820: [mem 0x00000000fec00000-0x00000000fec00fff] reserved
[    0.000000] BIOS-e820: [mem 0x00000000fee00000-0x00000000fee00fff] reserved
[    0.000000] BIOS-e820: [mem 0x00000000fffc0000-0x00000000ffffffff] reserved
[    0.000000] NX (Execute Disable) protection: active
[    0.000000] SMBIOS 2.5 present.
[    0.000000] DMI: innotek GmbH VirtualBox/VirtualBox, BIOS VirtualBox 12/01/2006
[    0.000000] Hypervisor detected: KVM
[    0.000000] e820: last_pfn = 0x3fff0 max_arch_pfn = 0x400000000
[    0.000000] MTRR: Disabled
[    0.000000] x86/PAT: MTRRs disabled, skipping PAT initialization too.
[    0.000000] CPU MTRRs all blank - virtualized system.
[    0.000000] x86/PAT: Configuration [0-7]: WB  WT  UC- UC  WB  WT  UC- UC  
[    0.000000] found SMP MP-table at [mem 0x0009fff0-0x0009ffff]
[    0.000000] Scanning 1 areas for low memory corruption
[    0.000000] RAMDISK: [mem 0x3580f000-0x36bfefff]
[    0.000000] ACPI: Early table checksum verification disabled
[    0.000000] ACPI: RSDP 0x00000000000E0000 000024 (v02 VBOX  )
[    0.000000] ACPI: XSDT 0x000000003FFF0030 00003C (v01 VBOX   VBOXXSDT 00000001 ASL  00000061)
[    0.000000] ACPI: FACP 0x000000003FFF00F0 0000F4 (v04 VBOX   VBOXFACP 00000001 ASL  00000061)
[    0.000000] ACPI: DSDT 0x000000003FFF0470 002325 (v02 VBOX   VBOXBIOS 00000002 INTL 20100528)
[    0.000000] ACPI: FACS 0x000000003FFF0200 000040
[    0.000000] ACPI: FACS 0x000000003FFF0200 000040
[    0.000000] ACPI: APIC 0x000000003FFF0240 00005C (v02 VBOX   VBOXAPIC 00000001 ASL  00000061)
[    0.000000] ACPI: SSDT 0x000000003FFF02A0 0001CC (v01 VBOX   VBOXCPUT 00000002 INTL 20100528)
[    0.000000] ACPI: Reserving FACP table memory at [mem 0x3fff00f0-0x3fff01e3]
[    0.000000] ACPI: Reserving DSDT table memory at [mem 0x3fff0470-0x3fff2794]
[    0.000000] ACPI: Reserving FACS table memory at [mem 0x3fff0200-0x3fff023f]
[    0.000000] ACPI: Reserving FACS table memory at [mem 0x3fff0200-0x3fff023f]
[    0.000000] ACPI: Reserving APIC table memory at [mem 0x3fff0240-0x3fff029b]
[    0.000000] ACPI: Reserving SSDT table memory at [mem 0x3fff02a0-0x3fff046b]
[    0.000000] No NUMA configuration found
[    0.000000] Faking a node at [mem 0x0000000000000000-0x000000003ffeffff]
[    0.000000] NODE_DATA(0) allocated [mem 0x3ffc5000-0x3ffeffff]
[    0.000000] kvm-clock: cpu 0, msr 0:3ff44001, primary cpu clock
[    0.000000] kvm-clock: Using msrs 4b564d01 and 4b564d00
[    0.000000] kvm-clock: using sched offset of 12511598626 cycles
[    0.000000] clocksource: kvm-clock: mask: 0xffffffffffffffff max_cycles: 0x1cd42e4dffb, max_idle_ns: 881590591483 ns
[    0.000000] Zone ranges:
[    0.000000]   DMA      [mem 0x0000000000001000-0x0000000000ffffff]
[    0.000000]   DMA32    [mem 0x0000000001000000-0x000000003ffeffff]
[    0.000000]   Normal   empty
[    0.000000]   Device   empty
[    0.000000] Movable zone start for each node
[    0.000000] Early memory node ranges
[    0.000000]   node   0: [mem 0x0000000000001000-0x000000000009efff]
[    0.000000]   node   0: [mem 0x0000000000100000-0x000000003ffeffff]
[    0.000000] Reserved but unavailable: 104 pages
[    0.000000] Initmem setup node 0 [mem 0x0000000000001000-0x000000003ffeffff]
[    0.000000] ACPI: PM-Timer IO Port: 0x4008
[    0.000000] IOAPIC[0]: apic_id 2, version 32, address 0xfec00000, GSI 0-23
[    0.000000] ACPI: INT_SRC_OVR (bus 0 bus_irq 0 global_irq 2 dfl dfl)
[    0.000000] ACPI: INT_SRC_OVR (bus 0 bus_irq 9 global_irq 9 low level)
[    0.000000] Using ACPI (MADT) for SMP configuration information
[    0.000000] smpboot: Allowing 2 CPUs, 0 hotplug CPUs
[    0.000000] PM: Registered nosave memory: [mem 0x00000000-0x00000fff]
[    0.000000] PM: Registered nosave memory: [mem 0x0009f000-0x0009ffff]
[    0.000000] PM: Registered nosave memory: [mem 0x000a0000-0x000effff]
[    0.000000] PM: Registered nosave memory: [mem 0x000f0000-0x000fffff]
[    0.000000] e820: [mem 0x40000000-0xfebfffff] available for PCI devices
[    0.000000] Booting paravirtualized kernel on KVM
[    0.000000] clocksource: refined-jiffies: mask: 0xffffffff max_cycles: 0xffffffff, max_idle_ns: 7645519600211568 ns
[    0.000000] setup_percpu: NR_CPUS:8192 nr_cpumask_bits:2 nr_cpu_ids:2 nr_node_ids:1
[    0.000000] percpu: Embedded 50 pages/cpu s167936 r8192 d28672 u1048576
[    0.000000] PV qspinlock hash table entries: 256 (order: 0, 4096 bytes)
[    0.000000] Built 1 zonelists, mobility grouping on.  Total pages: 257913
[    0.000000] Policy zone: DMA32
[    0.000000] Kernel command line: BOOT_IMAGE=/boot/vmlinuz-4.15.0-210-generic root=LABEL=cloudimg-rootfs ro console=tty1 console=ttyS0
[    0.000000] Memory: 981756K/1048120K available (12300K kernel code, 2477K rwdata, 4324K rodata, 2480K init, 2720K bss, 66364K reserved, 0K cma-reserved)
[    0.000000] SLUB: HWalign=64, Order=0-3, MinObjects=0, CPUs=2, Nodes=1
[    0.000000] Kernel/User page tables isolation: enabled
[    0.000000] ftrace: allocating 39506 entries in 155 pages
[    0.004000] Hierarchical RCU implementation.
[    0.004000] 	RCU restricting CPUs from NR_CPUS=8192 to nr_cpu_ids=2.
[    0.004000] 	Tasks RCU enabled.
[    0.004000] RCU: Adjusting geometry for rcu_fanout_leaf=16, nr_cpu_ids=2
[    0.004000] NR_IRQS: 524544, nr_irqs: 440, preallocated irqs: 16
[    0.004000] random: crng init done
[    0.004000] Console: colour VGA+ 80x25
[    0.004000] console [tty1] enabled
[    0.004000] console [ttyS0] enabled
[    0.004000] ACPI: Core revision 20170831
[    0.004000] ACPI: 2 ACPI AML tables successfully acquired and loaded
[    0.004000] APIC: Switch to symmetric I/O mode setup
[    0.004000] x2apic enabled
[    0.004000] Switched APIC routing to physical x2apic.
[    0.006488] ..TIMER: vector=0x30 apic1=0 pin1=2 apic2=-1 pin2=-1
[    0.008006] tsc: Detected 1992.002 MHz processor
[    0.010140] Calibrating delay loop (skipped) preset value.. 3984.00 BogoMIPS (lpj=7968008)
[    0.012007] pid_max: default: 32768 minimum: 301
[    0.016056] Security Framework initialized
[    0.017682] Yama: becoming mindful.
[    0.020035] AppArmor: AppArmor initialized
[    0.024048] Dentry cache hash table entries: 131072 (order: 8, 1048576 bytes)
[    0.028098] Inode-cache hash table entries: 65536 (order: 7, 524288 bytes)
[    0.032022] Mount-cache hash table entries: 2048 (order: 2, 16384 bytes)
[    0.034457] Mountpoint-cache hash table entries: 2048 (order: 2, 16384 bytes)
[    0.036455] Last level iTLB entries: 4KB 64, 2MB 8, 4MB 8
[    0.038447] Last level dTLB entries: 4KB 64, 2MB 0, 4MB 0, 1GB 4
[    0.040005] Spectre V1 : Mitigation: usercopy/swapgs barriers and __user pointer sanitization
[    0.044005] Spectre V2 : Mitigation: Retpolines
[    0.045647] Spectre V2 : Spectre v2 / SpectreRSB mitigation: Filling RSB on context switch
[    0.048003] Spectre V2 : Spectre v2 / SpectreRSB : Filling RSB on VMEXIT
[    0.052003] RETBleed: WARNING: Spectre v2 mitigation leaves CPU vulnerable to RETBleed attacks, data leaks possible!
[    0.056008] RETBleed: Vulnerable
[    0.057780] Speculative Store Bypass: Vulnerable
[    0.060248] MDS: Mitigation: Clear CPU buffers
[    0.064009] MMIO Stale Data: Mitigation: Clear CPU buffers
[    0.066645] SRBDS: Unknown: Dependent on hypervisor status
[    0.068354] Freeing SMP alternatives memory: 36K
[    0.183401] smpboot: CPU0: Intel(R) Core(TM) i3-6006U CPU @ 2.00GHz (family: 0x6, model: 0x4e, stepping: 0x3)
[    0.184000] Performance Events: unsupported p6 CPU model 78 no PMU driver, software events only.
[    0.184052] Hierarchical SRCU implementation.
[    0.188848] NMI watchdog: Perf event create on CPU 0 failed with -2
[    0.191115] NMI watchdog: Perf NMI watchdog permanently disabled
[    0.192073] smp: Bringing up secondary CPUs ...
[    0.196066] x86: Booting SMP configuration:
[    0.197677] .... node  #0, CPUs:      #1
[    0.004000] kvm-clock: cpu 1, msr 0:3ff44041, secondary cpu clock
[    0.202949] smp: Brought up 1 node, 2 CPUs
[    0.204007] smpboot: Max logical packages: 1
[    0.205611] smpboot: Total of 2 processors activated (7968.00 BogoMIPS)
[    0.208168] devtmpfs: initialized
[    0.209423] x86/mm: Memory block size: 128MB
[    0.212252] evm: security.selinux
[    0.213661] evm: security.SMACK64
[    0.215047] evm: security.SMACK64EXEC
[    0.216005] evm: security.SMACK64TRANSMUTE
[    0.217548] evm: security.SMACK64MMAP
[    0.220004] evm: security.apparmor
[    0.221314] evm: security.ima
[    0.222469] evm: security.capability
[    0.224116] clocksource: jiffies: mask: 0xffffffff max_cycles: 0xffffffff, max_idle_ns: 7645041785100000 ns
[    0.228020] futex hash table entries: 512 (order: 3, 32768 bytes)
[    0.230230] pinctrl core: initialized pinctrl subsystem
[    0.236180] RTC time: 11:53:07, date: 05/11/23
[    0.238121] NET: Registered protocol family 16
[    0.240135] audit: initializing netlink subsys (disabled)
[    0.242118] audit: type=2000 audit(1683806000.537:1): state=initialized audit_enabled=0 res=1
[    0.244018] cpuidle: using governor ladder
[    0.248013] cpuidle: using governor menu
[    0.249548] ACPI: bus type PCI registered
[    0.251063] acpiphp: ACPI Hot Plug PCI Controller Driver version: 0.5
[    0.252179] PCI: Using configuration type 1 for base access
[    0.257577] HugeTLB registered 2.00 MiB page size, pre-allocated 0 pages
[    0.260093] ACPI: Added _OSI(Module Device)
[    0.261647] ACPI: Added _OSI(Processor Device)
[    0.264006] ACPI: Added _OSI(3.0 _SCP Extensions)
[    0.265678] ACPI: Added _OSI(Processor Aggregator Device)
[    0.267633] ACPI: Added _OSI(Linux-Dell-Video)
[    0.268027] ACPI: Added _OSI(Linux-Lenovo-NV-HDMI-Audio)
[    0.270828] ACPI: Added _OSI(Linux-HPI-Hybrid-Graphics)
[    0.276468] ACPI: Executed 1 blocks of module-level executable AML code
[    0.292224] ACPI: Interpreter enabled
[    0.294669] ACPI: (supports S0 S5)
[    0.296009] ACPI: Using IOAPIC for interrupt routing
[    0.300753] PCI: Using host bridge windows from ACPI; if necessary, use "pci=nocrs" and report a bug
[    0.304620] ACPI: Enabled 2 GPEs in block 00 to 07
[    0.330236] ACPI: PCI Root Bridge [PCI0] (domain 0000 [bus 00-ff])
[    0.332018] acpi PNP0A03:00: _OSC: OS supports [ASPM ClockPM Segments MSI]
[    0.337608] acpi PNP0A03:00: _OSC: not requesting OS control; OS requires [ExtendedConfig ASPM ClockPM MSI]
[    0.340040] acpi PNP0A03:00: fail to add MMCONFIG information, can't access extended PCI configuration space under this bridge.
[    0.345062] PCI host bridge to bus 0000:00
[    0.348012] pci_bus 0000:00: root bus resource [io  0x0000-0x0cf7 window]
[    0.352012] pci_bus 0000:00: root bus resource [io  0x0d00-0xffff window]
[    0.356012] pci_bus 0000:00: root bus resource [mem 0x000a0000-0x000bffff window]
[    0.360012] pci_bus 0000:00: root bus resource [mem 0x40000000-0xfdffffff window]
[    0.362877] pci_bus 0000:00: root bus resource [bus 00-ff]
[    0.371406] pci 0000:00:01.1: legacy IDE quirk: reg 0x10: [io  0x01f0-0x01f7]
[    0.372016] pci 0000:00:01.1: legacy IDE quirk: reg 0x14: [io  0x03f6]
[    0.376011] pci 0000:00:01.1: legacy IDE quirk: reg 0x18: [io  0x0170-0x0177]
[    0.380009] pci 0000:00:01.1: legacy IDE quirk: reg 0x1c: [io  0x0376]
[    0.412174] pci 0000:00:07.0: quirk: [io  0x4000-0x403f] claimed by PIIX4 ACPI
[    0.415510] pci 0000:00:07.0: quirk: [io  0x4100-0x410f] claimed by PIIX4 SMB
[    0.436026] ACPI: PCI Interrupt Link [LNKA] (IRQs 5 9 10 *11)
[    0.439575] ACPI: PCI Interrupt Link [LNKB] (IRQs 5 9 *10 11)
[    0.440339] ACPI: PCI Interrupt Link [LNKC] (IRQs 5 *9 10 11)
[    0.444297] ACPI: PCI Interrupt Link [LNKD] (IRQs 5 9 10 *11)
[    0.448940] SCSI subsystem initialized
[    0.452086] pci 0000:00:02.0: vgaarb: setting as boot VGA device
[    0.454553] pci 0000:00:02.0: vgaarb: VGA device added: decodes=io+mem,owns=io+mem,locks=none
[    0.456009] pci 0000:00:02.0: vgaarb: bridge control possible
[    0.458018] vgaarb: loaded
[    0.460063] ACPI: bus type USB registered
[    0.461605] usbcore: registered new interface driver usbfs
[    0.464017] usbcore: registered new interface driver hub
[    0.465901] usbcore: registered new device driver usb
[    0.468036] EDAC MC: Ver: 3.0.0
[    0.469697] PCI: Using ACPI for IRQ routing
[    0.472543] NetLabel: Initializing
[    0.473855] NetLabel:  domain hash size = 128
[    0.475460] NetLabel:  protocols = UNLABELED CIPSOv4 CALIPSO
[    0.476030] NetLabel:  unlabeled traffic allowed by default
[    0.480150] clocksource: Switched to clocksource kvm-clock
[    0.511098] VFS: Disk quotas dquot_6.6.0
[    0.512711] VFS: Dquot-cache hash table entries: 512 (order 0, 4096 bytes)
[    0.515348] AppArmor: AppArmor Filesystem Enabled
[    0.517520] pnp: PnP ACPI init
[    0.520811] pnp: PnP ACPI: found 3 devices
[    0.533673] clocksource: acpi_pm: mask: 0xffffff max_cycles: 0xffffff, max_idle_ns: 2085701024 ns
[    0.537330] NET: Registered protocol family 2
[    0.538972] IP idents hash table entries: 16384 (order: 5, 131072 bytes)
[    0.546835] TCP established hash table entries: 8192 (order: 4, 65536 bytes)
[    0.549628] TCP bind hash table entries: 8192 (order: 5, 131072 bytes)
[    0.552334] TCP: Hash tables configured (established 8192 bind 8192)
[    0.554720] UDP hash table entries: 512 (order: 2, 16384 bytes)
[    0.557060] UDP-Lite hash table entries: 512 (order: 2, 16384 bytes)
[    0.559400] NET: Registered protocol family 1
[    0.561152] pci 0000:00:00.0: Limiting direct PCI/PCI transfers
[    0.563363] pci 0000:00:01.0: Activating ISA DMA hang workarounds
[    0.565762] pci 0000:00:02.0: Video device with shadowed ROM at [mem 0x000c0000-0x000dffff]
[    0.569124] Unpacking initramfs...
[    1.149118] Freeing initrd memory: 20416K
[    1.151111] clocksource: tsc: mask: 0xffffffffffffffff max_cycles: 0x396d566cf43, max_idle_ns: 881590760263 ns
[    1.155973] platform rtc_cmos: registered platform RTC device (no PNP device found)
[    1.159807] Scanning for low memory corruption every 60 seconds
[    1.163686] Initialise system trusted keyrings
[    1.166147] Key type blacklist registered
[    1.168197] workingset: timestamp_bits=36 max_order=18 bucket_order=0
[    1.173418] zbud: loaded
[    1.176266] squashfs: version 4.0 (2009/01/31) Phillip Lougher
[    1.179720] fuse init (API version 7.26)
[    1.186021] Key type asymmetric registered
[    1.188440] Asymmetric key parser 'x509' registered
[    1.191581] Block layer SCSI generic (bsg) driver version 0.4 loaded (major 246)
[    1.196218] io scheduler noop registered
[    1.198029] io scheduler deadline registered
[    1.200669] io scheduler cfq registered (default)
[    1.203302] ACPI: AC Adapter [AC] (on-line)
[    1.206158] input: Power Button as /devices/LNXSYSTM:00/LNXPWRBN:00/input/input0
[    1.210606] ACPI: Power Button [PWRF]
[    1.213122] input: Sleep Button as /devices/LNXSYSTM:00/LNXSLPBN:00/input/input1
[    1.217578] ACPI: Sleep Button [SLPF]
[    1.222390] ACPI: Battery Slot [BAT0] (battery present)
[    1.225074] Serial: 8250/16550 driver, 32 ports, IRQ sharing enabled
[    1.250610] 00:02: ttyS0 at I/O 0x3f8 (irq = 4, base_baud = 115200) is a 16550A
[    1.258443] Linux agpgart interface v0.103
[    1.263474] loop: module loaded
[    1.266837] scsi host0: ata_piix
[    1.269116] scsi host1: ata_piix
[    1.271227] ata1: PATA max UDMA/33 cmd 0x1f0 ctl 0x3f6 bmdma 0xd000 irq 14
[    1.273907] ata2: PATA max UDMA/33 cmd 0x170 ctl 0x376 bmdma 0xd008 irq 15
[    1.278129] tun: Universal TUN/TAP device driver, 1.6
[    1.281058] PPP generic driver version 2.4.2
[    1.283412] ehci_hcd: USB 2.0 'Enhanced' Host Controller (EHCI) Driver
[    1.286685] ehci-pci: EHCI PCI platform driver
[    1.289024] ehci-platform: EHCI generic platform driver
[    1.291349] ohci_hcd: USB 1.1 'Open' Host Controller (OHCI) Driver
[    1.295194] ohci-pci: OHCI PCI platform driver
[    1.297927] ohci-platform: OHCI generic platform driver
[    1.300359] uhci_hcd: USB Universal Host Controller Interface driver
[    1.303897] i8042: PNP: PS/2 Controller [PNP0303:PS2K,PNP0f03:PS2M] at 0x60,0x64 irq 1,12
[    1.308654] serio: i8042 KBD port at 0x60,0x64 irq 1
[    1.311666] serio: i8042 AUX port at 0x60,0x64 irq 12
[    1.314553] mousedev: PS/2 mouse device common for all mice
[    1.317871] input: AT Translated Set 2 keyboard as /devices/platform/i8042/serio0/input/input2
[    1.323078] rtc_cmos rtc_cmos: rtc core: registered rtc_cmos as rtc0
[    1.326704] rtc_cmos rtc_cmos: alarms up to one day, 114 bytes nvram
[    1.329602] i2c /dev entries driver
[    1.331898] device-mapper: uevent: version 1.0.3
[    1.334119] device-mapper: ioctl: 4.37.0-ioctl (2017-09-20) initialised: dm-devel@redhat.com
[    1.338838] ledtrig-cpu: registered to indicate activity on CPUs
[    1.342705] NET: Registered protocol family 10
[    1.352741] Segment Routing with IPv6
[    1.354805] NET: Registered protocol family 17
[    1.356987] Key type dns_resolver registered
[    1.359335] mce: Using 0 MCE banks
[    1.361549] RAS: Correctable Errors collector initialized.
[    1.363985] sched_clock: Marking stable (1361504115, 0)->(1723146004, -361641889)
[    1.368506] registered taskstats version 1
[    1.371074] Loading compiled-in X.509 certificates
[    1.378974] Loaded X.509 cert 'Build time autogenerated kernel key: 53bf99db7da04c05fe17f7beec9ce15c83db2223'
[    1.384588] Loaded X.509 cert 'Canonical Ltd. Live Patch Signing: 14df34d1a87cf37625abec039ef2bf521249b969'
[    1.390475] Loaded X.509 cert 'Canonical Ltd. Kernel Module Signing: 88f752e560a1e0737e31163a466ad7b70a850c19'
[    1.395041] blacklist: Loading compiled-in revocation X.509 certificates
[    1.398421] Loaded X.509 cert 'Canonical Ltd. Secure Boot Signing: 61482aa2830d0ab2ad5af10b7250da9033ddcef0'
[    1.403152] Loaded X.509 cert 'Canonical Ltd. Secure Boot Signing (2017): 242ade75ac4a15e50d50c84b0d45ff3eae707a03'
[    1.407744] Loaded X.509 cert 'Canonical Ltd. Secure Boot Signing (ESM 2018): 365188c1d374d6b07c3c8f240f8ef722433d6a8b'
[    1.412645] Loaded X.509 cert 'Canonical Ltd. Secure Boot Signing (2019): c0746fd6c5da3ae827864651ad66ae47fe24b3e8'
[    1.417532] Loaded X.509 cert 'Canonical Ltd. Secure Boot Signing (2021 v1): a8d54bbb3825cfb94fa13c9f8a594a195c107b8d'
[    1.422890] Loaded X.509 cert 'Canonical Ltd. Secure Boot Signing (2021 v2): 4cf046892d6fd3c9a5b03f98d845f90851dc6a8c'
[    1.427717] Loaded X.509 cert 'Canonical Ltd. Secure Boot Signing (2021 v3): 100437bb6de6e469b581e61cd66bce3ef4ed53af'
[    1.432355] Loaded X.509 cert 'Canonical Ltd. Secure Boot Signing (Ubuntu Core 2019): c1d57b8f6b743f23ee41f4f7ee292f06eecadfb9'
[    1.444092] zswap: loaded using pool lzo/zbud
[    1.473591] Key type big_key registered
[    1.476290] Key type trusted registered
[    1.483459] Key type encrypted registered
[    1.486267] AppArmor: AppArmor sha1 policy hashing enabled
[    1.489447] ima: No TPM chip found, activating TPM-bypass! (rc=-19)
[    1.493563] ima: Allocated hash algorithm: sha1
[    1.496467] evm: HMAC attrs: 0x1
[    1.499399]   Magic number: 7:325:883
[    1.501995] rtc_cmos rtc_cmos: setting system clock to 2023-05-11 11:53:08 UTC (1683805988)
[    1.507699] BIOS EDD facility v0.16 2004-Jun-25, 0 devices found
[    1.511599] EDD information not available.
[    1.519180] Freeing unused kernel image memory: 2480K
[    1.536191] Write protecting the kernel read-only data: 20480k
[    1.540495] Freeing unused kernel image memory: 2008K
[    1.544063] Freeing unused kernel image memory: 1820K
[    1.568931] x86/mm: Checked W+X mappings: passed, no W+X pages found.
[    1.572254] x86/mm: Checking user space page tables
[    1.596722] x86/mm: Checked W+X mappings: passed, no W+X pages found.
Loading, please wait...
starting version 237
[    1.799416] e1000: Intel(R) PRO/1000 Network Driver - version 7.3.21-k8-NAPI
[    1.802645] e1000: Copyright (c) 1999-2006 Intel Corporation.
[    1.807388] Fusion MPT base driver 3.04.20
[    1.809498] Copyright (c) 1999-2008 LSI Corporation
[    1.846201] AVX2 version of gcm_enc/dec engaged.
[    1.848444] AES CTR mode by8 optimization enabled
[    1.853771] Fusion MPT SPI Host driver 3.04.20
[    1.891562] vboxvideo: loading out-of-tree module taints kernel.
[    1.898428] vboxvideo: module verification failed: signature and/or required key missing - tainting kernel
[    1.913951] vboxvideo: loading version 6.1.40 r154048
[    2.026293] input: ImExPS/2 Generic Explorer Mouse as /devices/platform/i8042/serio1/input/input4
[    2.308894] e1000 0000:00:03.0 eth0: (PCI:33MHz:32-bit) 02:3e:6f:b6:28:d7
[    2.311319] e1000 0000:00:03.0 eth0: Intel(R) PRO/1000 Network Connection
[    2.952446] e1000 0000:00:08.0 eth1: (PCI:33MHz:32-bit) 08:00:27:c2:1a:fe
[    2.955092] e1000 0000:00:08.0 eth1: Intel(R) PRO/1000 Network Connection
[    2.959593] e1000 0000:00:03.0 enp0s3: renamed from eth0
[    2.961691] mptbase: ioc0: Initiating bringup
[    2.978651] e1000 0000:00:08.0 enp0s8: renamed from eth1
[    3.163825] ioc0: LSI53C1030 A0: Capabilities={Initiator}
[    6.145026] scsi host2: ioc0: LSI53C1030 A0, FwRev=00000000h, Ports=1, MaxQ=256, IRQ=20
[    7.953002] scsi 2:0:0:0: Direct-Access     VBOX     HARDDISK         1.0  PQ: 0 ANSI: 5
[    7.957654] [drm] VRAM 01000000
[    7.959641] [TTM] Zone  kernel: Available graphics memory: 504258 kiB
[    7.962146] [TTM] Initializing pool allocator
[    7.963862] [TTM] Initializing DMA pool allocator
[    7.969418] fbcon: vboxdrmfb (fb0) is primary device
[    7.972915] Console: switching to colour frame buffer device 100x37
[    7.977269] vboxvideo 0000:00:02.0: fb0: vboxdrmfb frame buffer device
[    7.988501] scsi target2:0:0: Beginning Domain Validation
[    7.995119] scsi target2:0:0: Domain Validation skipping write tests
[    7.996823] scsi target2:0:0: Ending Domain Validation
[    7.998275] [drm] Initialized vboxvideo 1.0.0 20130823 for 0000:00:02.0 on minor 0
[    8.000367] scsi target2:0:0: asynchronous
[    8.002553] scsi 2:0:1:0: Direct-Access     VBOX     HARDDISK         1.0  PQ: 0 ANSI: 5
[    8.036056] scsi target2:0:1: Beginning Domain Validation
[    8.042661] scsi target2:0:1: Domain Validation skipping write tests
[    8.044458] scsi target2:0:1: Ending Domain Validation
[    8.045942] scsi target2:0:1: asynchronous
[    8.057505] sd 2:0:0:0: Attached scsi generic sg0 type 0
[    8.057514] sd 2:0:0:0: [sda] 83886080 512-byte logical blocks: (42.9 GB/40.0 GiB)
[    8.059977] sd 2:0:1:0: Attached scsi generic sg1 type 0
[    8.062644] sd 2:0:0:0: [sda] Write Protect is off
[    8.067128] sd 2:0:0:0: [sda] Incomplete mode parameter data
[    8.069126] sd 2:0:0:0: [sda] Assuming drive cache: write through
[    8.071248] sd 2:0:1:0: [sdb] 20480 512-byte logical blocks: (10.5 MB/10.0 MiB)
[    8.074357] sd 2:0:1:0: [sdb] Write Protect is off
[    8.076981] sd 2:0:1:0: [sdb] Incomplete mode parameter data
[    8.078951] sd 2:0:1:0: [sdb] Assuming drive cache: write through
[    8.089911]  sda: sda1
[    8.092859] sd 2:0:0:0: [sda] Attached SCSI disk
[    8.128154] sd 2:0:1:0: [sdb] Attached SCSI disk
Begin: Loading essential drivers ... [    8.736078] raid6: sse2x1   gen()  6828 MB/s
[    8.784072] raid6: sse2x1   xor()  4966 MB/s
[    8.832106] raid6: sse2x2   gen()  8396 MB/s
[    8.880108] raid6: sse2x2   xor()  5581 MB/s
[    8.928086] raid6: sse2x4   gen()  9662 MB/s
[    8.976071] raid6: sse2x4   xor()  6118 MB/s
[    9.024035] raid6: avx2x1   gen() 13360 MB/s
[    9.072070] raid6: avx2x1   xor()  9355 MB/s
[    9.120127] raid6: avx2x2   gen() 16708 MB/s
[    9.168102] raid6: avx2x2   xor() 10325 MB/s
[    9.216085] raid6: avx2x4   gen() 18849 MB/s
[    9.264073] raid6: avx2x4   xor() 11719 MB/s
[    9.265679] raid6: using algorithm avx2x4 gen() 18849 MB/s
[    9.267600] raid6: .... xor() 11719 MB/s, rmw enabled
[    9.269547] raid6: using avx2x2 recovery algorithm
[    9.273016] xor: automatically using best checksumming function   avx       
[    9.276984] async_tx: api initialized (async)
done.
Begin: Running /scripts/init-premount ... done.
Begin: Mounting root file system ... Begin: Running /scripts/local-top ... done.
Begin: Running /scripts/local-premount ... [    9.351170] Btrfs loaded, crc32c=crc32c-intel
Scanning for Btrfs filesystems
done.
Begin: Will now check root file system ... fsck from util-linux 2.31.1
[/sbin/fsck.ext4 (1) -- /dev/sda1] fsck.ext4 -a -C0 /dev/sda1 
cloudimg-rootfs: clean, 74361/5120000 files, 694400/10485499 blocks
done.
[    9.615851] EXT4-fs (sda1): mounted filesystem with ordered data mode. Opts: (null)
done.
Begin: Running /scripts/local-bottom ... done.
Begin: Running /scripts/init-bottom ... done.
[   12.100467] ip_tables: (C) 2000-2006 Netfilter Core Team
[   12.400510] systemd[1]: systemd 237 running in system mode. (+PAM +AUDIT +SELINUX +IMA +APPARMOR +SMACK +SYSVINIT +UTMP +LIBCRYPTSETUP +GCRYPT +GNUTLS +ACL +XZ +LZ4 +SECCOMP +BLKID +ELFUTILS +KMOD -IDN2 +IDN -PCRE2 default-hierarchy=hybrid)
[   12.417047] systemd[1]: Detected virtualization oracle.
[   12.419910] systemd[1]: Detected architecture x86-64.

Welcome to [1mUbuntu 18.04.6 LTS[0m!

[   12.461825] systemd[1]: Set hostname to <web01>.
[   15.026453] systemd[1]: Set up automount Arbitrary Executable File Formats File System Automount Point.
[[0;32m  OK  [0m] Set up automount Arbitrary Executabâ€¦rmats File System Automount Point.
[   15.033753] systemd[1]: Created slice User and Session Slice.
[[0;32m  OK  [0m] Created slice User and Session Slice.
[   15.036944] systemd[1]: Reached target System Time Synchronized.
[[0;32m  OK  [0m] Reached target System Time Synchronized.
[   15.048446] systemd[1]: Reached target Swap.
[[0;32m  OK  [0m] Reached target Swap.
[   15.051282] systemd[1]: Reached target User and Group Name Lookups.
[[0;32m  OK  [0m] Reached target User and Group Name Lookups.
[   15.055059] systemd[1]: Created slice System Slice.
[[0;32m  OK  [0m] Created slice System Slice.
[[0;32m  OK  [0m] Listening on Device-mapper event daemon FIFOs.
[[0;32m  OK  [0m] Listening on fsck to fsckd communication Socket.
[[0;32m  OK  [0m] Listening on Journal Socket (/dev/log).
[[0;32m  OK  [0m] Listening on Journal Audit Socket.
[[0;32m  OK  [0m] Listening on /dev/initctl Compatibility Named Pipe.
[[0;32m  OK  [0m] Listening on LVM2 metadata daemon socket.
[[0;32m  OK  [0m] Reached target Slices.
[[0;32m  OK  [0m] Listening on Syslog Socket.
[[0;32m  OK  [0m] Listening on udev Control Socket.
[[0;32m  OK  [0m] Listening on udev Kernel Socket.
[[0;32m  OK  [0m] Listening on Network Service Netlink Socket.
[[0;32m  OK  [0m] Created slice system-serial\x2dgetty.slice.
[[0;32m  OK  [0m] Listening on LVM2 poll daemon socket.
[[0;32m  OK  [0m] Listening on Journal Socket.
         Starting Uncomplicated firewall...
         Starting Journal Service...
         Mounting POSIX Message Queue File System...
         Starting Monitoring of LVM2 mirrorsâ€¦ng dmeventd or progress polling...
         Mounting Kernel Debug File System...
         Starting udev Coldplug all Devices...
         Starting Create list of required stâ€¦ce nodes for the current kernel...
         Starting Load Kernel Modules...
         Mounting Huge Pages File System...
         Starting Set the console keyboard layout...
         Starting Remount Root and Kernel File Systems...
[[0;32m  OK  [0m] Started Forward Password Requests to Wall Directory Watch.
[[0;32m  OK  [0m] Reached target Mounting snaps.
[[0;32m  OK  [0m] Reached target Mounted snaps.
[[0;32m  OK  [0m] Started Journal Service.
[[0;32m  OK  [0m] Started Uncomplicated firewall.
[[0;32m  OK  [0m] Mounted POSIX Message Queue File System.
[[0;32m  OK  [0m] Mounted Kernel Debug File System.
[[0;32m  OK  [0m] Started Create list of required staâ€¦vice nodes for the current kernel.
[[0;32m  OK  [0m] Mounted Huge Pages File System.
         Starting Create Static Device Nodes in /dev...
[   15.326198] EXT4-fs (sda1): re-mounted. Opts: (null)
[[0;32m  OK  [0m] Started Remount Root and Kernel File Systems.
[[0;32m  OK  [0m] Started udev Coldplug all Devices.
         Starting Flush Journal to Persistent Storage...
         Starting Load/Save Random Seed...
[   15.534417] Loading iSCSI transport class v2.0-870.
[   15.768791] systemd-journald[407]: Received request to flush runtime journal from PID 1
[[0;32m  OK  [0m] Started LVM2 metadata daemon.
[   15.844764] iscsi: registered transport (tcp)
[[0;32m  OK  [0m] Started Load/Save Random Seed.
[[0;32m  OK  [0m] Started Create Static Device Nodes in /dev.
         Starting udev Kernel Device Manager...
[[0;32m  OK  [0m] Started Set the console keyboard layout.
[[0;32m  OK  [0m] Started udev Kernel Device Manager.
[[0;32m  OK  [0m] Started Dispatch Password Requests to Console Directory Watch.
[[0;32m  OK  [0m] Reached target Local Encrypted Volumes.
[[0;32m  OK  [0m] Started Monitoring of LVM2 mirrors,â€¦sing dmeventd or progress polling.
[[0;32m  OK  [0m] Reached target Local File Systems (Pre).
[[0;32m  OK  [0m] Reached target Local File Systems.
         Starting Set console font and keymap...
         Starting Tell Plymouth To Write Out Runtime Data...
         Starting ebtables ruleset management...
         Starting AppArmor initialization...
[[0;32m  OK  [0m] Started Tell Plymouth To Write Out Runtime Data.
[[0;32m  OK  [0m] Started Set console font and keymap.
[   17.284521] iscsi: registered transport (iser)
[[0;32m  OK  [0m] Started Load Kernel Modules.
         Mounting Kernel Configuration File System...
         Starting Apply Kernel Variables...
         Mounting FUSE Control File System...
[[0;32m  OK  [0m] Mounted Kernel Configuration File System.
[[0;32m  OK  [0m] Mounted FUSE Control File System.
[[0;32m  OK  [0m] Started Apply Kernel Variables.
[[0;32m  OK  [0m] Found device /dev/ttyS0.
[[0;32m  OK  [0m] Started ebtables ruleset management.
[[0;32m  OK  [0m] Listening on Load/Save RF Kill Switch Status /dev/rfkill Watch.
[[0;32m  OK  [0m] Started Flush Journal to Persistent Storage.
         Starting Create Volatile Files and Directories...
[[0;32m  OK  [0m] Started AppArmor initialization.
         Starting Load AppArmor profiles managed internally by snapd...
[[0;32m  OK  [0m] Started Create Volatile Files and Directories.
         Starting Update UTMP about System Boot/Shutdown...
         Starting Initial cloud-init job (pre-networking)...
         Mounting Arbitrary Executable File Formats File System...
[[0;32m  OK  [0m] Started Update UTMP about System Boot/Shutdown.
[[0;32m  OK  [0m] Mounted Arbitrary Executable File Formats File System.
[[0;32m  OK  [0m] Started Load AppArmor profiles managed internally by snapd.
[   28.603251] cloud-init[608]: Cloud-init v. 23.1.2-0ubuntu0~18.04.1 running 'init-local' at Thu, 11 May 2023 11:53:34 +0000. Up 27.97 seconds.
[[0;32m  OK  [0m] Started Initial cloud-init job (pre-networking).
[[0;32m  OK  [0m] Reached target Network (Pre).
         Starting Network Service...
[[0;32m  OK  [0m] Started Network Service.
         Starting Network Name Resolution...
         Starting Wait for Network to be Configured...
[[0;32m  OK  [0m] Started Network Name Resolution.
[[0;32m  OK  [0m] Reached target Network.
[[0;32m  OK  [0m] Reached target Host and Network Name Lookups.
[[0;32m  OK  [0m] Started Wait for Network to be Configured.
         Starting Initial cloud-init job (metadata service crawler)...
[   32.442208] cloud-init[721]: Cloud-init v. 23.1.2-0ubuntu0~18.04.1 running 'init' at Thu, 11 May 2023 11:53:38 +0000. Up 31.85 seconds.
[   32.446848] cloud-init[721]: ci-info: ++++++++++++++++++++++++++++++++++++++Net device info+++++++++++++++++++++++++++++++++++++++
[   32.450298] cloud-init[721]: ci-info: +--------+------+-----------------------------+---------------+--------+-------------------+
[   32.453635] cloud-init[721]: ci-info: | Device |  Up  |           Address           |      Mask     | Scope  |     Hw-Address    |
[   32.456700] cloud-init[721]: ci-info: +--------+------+-----------------------------+---------------+--------+-------------------+
[   32.459778] cloud-init[721]: ci-info: | enp0s3 | True |          10.0.2.15          | 255.255.255.0 | global | 02:3e:6f:b6:28:d7 |
[   32.463064] cloud-init[721]: ci-info: | enp0s3 | True |  fe80::3e:6fff:feb6:28d7/64 |       .       |  link  | 02:3e:6f:b6:28:d7 |
[   32.466584] cloud-init[721]: ci-info: | enp0s8 | True |        192.168.56.11        | 255.255.255.0 | global | 08:00:27:c2:1a:fe |
[   32.471076] cloud-init[721]: ci-info: | enp0s8 | True | fe80::a00:27ff:fec2:1afe/64 |       .       |  link  | 08:00:27:c2:1a:fe |
[   32.474755] cloud-init[721]: ci-info: |   lo   | True |          127.0.0.1          |   255.0.0.0   |  host  |         .         |
[   32.478220] cloud-init[721]: ci-info: |   lo   | True |           ::1/128           |       .       |  host  |         .         |
[   32.480979] cloud-init[721]: ci-info: +--------+------+-----------------------------+---------------+--------+-------------------+
[   32.484219] cloud-init[721]: ci-info: +++++++++++++++++++++++++++++Route IPv4 info+++++++++++++++++++++++++++++
[   32.486963] cloud-init[721]: ci-info: +-------+--------------+----------+-----------------+-----------+-------+
[   32.489863] cloud-init[721]: ci-info: | Route | Destination  | Gateway  |     Genmask     | Interface | Flags |
[   32.492611] cloud-init[721]: ci-info: +-------+--------------+----------+-----------------+-----------+-------+
[   32.495105] cloud-init[721]: ci-info: |   0   |   0.0.0.0    | 10.0.2.2 |     0.0.0.0     |   enp0s3  |   UG  |
[   32.504373] cloud-init[721]: ci-info: |   1   |   10.0.2.0   | 0.0.0.0  |  255.255.255.0  |   enp0s3  |   U   |
[   32.507391] cloud-init[721]: ci-info: |   2   |   10.0.2.2   | 0.0.0.0  | 255.255.255.255 |   enp0s3  |   UH  |
[   32.517046] cloud-init[721]: ci-info: |   3   | 192.168.56.0 | 0.0.0.0  |  255.255.255.0  |   enp0s8  |   U   |
[   32.519658] cloud-init[721]: ci-info: +-------+--------------+----------+-----------------+-----------+-------+
[   32.522429] cloud-init[721]: ci-info: +++++++++++++++++++Route IPv6 info+++++++++++++++++++
[   32.524801] cloud-init[721]: ci-info: +-------+-------------+---------+-----------+-------+
[   32.527352] cloud-init[721]: ci-info: | Route | Destination | Gateway | Interface | Flags |
[   32.529616] cloud-init[721]: ci-info: +-------+-------------+---------+-----------+-------+
[   32.531920] cloud-init[721]: ci-info: |   1   |  fe80::/64  |    ::   |   enp0s8  |   U   |
[   32.540585] cloud-init[721]: ci-info: |   2   |  fe80::/64  |    ::   |   enp0s3  |   U   |
[   32.545276] cloud-init[721]: ci-info: |   4   |    local    |    ::   |   enp0s3  |   U   |
[   32.549229] cloud-init[721]: ci-info: |   5   |    local    |    ::   |   enp0s8  |   U   |
[   32.552362] cloud-init[721]: ci-info: |   6   |   ff00::/8  |    ::   |   enp0s8  |   U   |
[   32.555143] cloud-init[721]: ci-info: |   7   |   ff00::/8  |    ::   |   enp0s3  |   U   |
[   32.568312] cloud-init[721]: ci-info: +-------+-------------+---------+-----------+-------+
[[0;32m  OK  [0m] Started Initial cloud-init job (metadata service crawler).
[[0;32m  OK  [0m] Reached target System Initialization.
[[0;32m  OK  [0m] Started Daily apt download activities.
[[0;32m  OK  [0m] Started Daily apt upgrade and clean activities.
[[0;32m  OK  [0m] Started Discard unused blocks once a week.
[[0;32m  OK  [0m] Started Ubuntu Advantage Timer for running repeated jobs.
[[0;32m  OK  [0m] Listening on cloud-init hotplug hook socket.
[[0;32m  OK  [0m] Started Message of the Day.
[[0;32m  OK  [0m] Listening on D-Bus System Message Bus Socket.
         Starting Socket activation for snappy daemon.
[[0;32m  OK  [0m] Started ACPI Events Check.
[[0;32m  OK  [0m] Listening on ACPID Listen Socket.
[[0;32m  OK  [0m] Reached target Paths.
[[0;32m  OK  [0m] Started Daily Cleanup of Temporary Directories.
[[0;32m  OK  [0m] Reached target Timers.
         Starting LXD - unix socket.
[[0;32m  OK  [0m] Listening on UUID daemon activation socket.
[[0;32m  OK  [0m] Listening on Open-iSCSI iscsid Socket.
[[0;32m  OK  [0m] Reached target Cloud-config availability.
[[0;32m  OK  [0m] Reached target Network is Online.
         Starting Availability of block devices...
[[0;32m  OK  [0m] Reached target Remote File Systems (Pre).
         Mounting /vagrant...
[[0;32m  OK  [0m] Listening on Socket activation for snappy daemon.
[[0;32m  OK  [0m] Listening on LXD - unix socket.
[[0;32m  OK  [0m] Started Availability of block devices.
[[0;32m  OK  [0m] Reached target Sockets.
[[0;32m  OK  [0m] Reached target Basic System.
[[0;32m  OK  [0m] Started Regular background program processing daemon.
[[0;32m  OK  [0m] Started Deferred execution scheduler.
         Starting Login Service...
         Starting LXD - container startup/shutdown...
         Starting Message of the Day...
         Starting LSB: Record successful boot for GRUB...
[[0;32m  OK  [0m] Started FUSE filesystem for LXC.
         Starting System Logging Service...
[[0;32m  OK  [0m] Reached target Login Prompts (Pre).
         Starting vboxadd.service...
         Starting Dispatcher daemon for systemd-networkd...
         Starting OpenBSD Secure Shell server...
         Starting Accounts Service...
[[0;32m  OK  [0m] Started D-Bus System Message Bus.
[[0;32m  OK  [0m] Started Login Service.
[[0;32m  OK  [0m] Started Unattended Upgrades Shutdown.
[[0;32m  OK  [0m] Started irqbalance daemon.
         Starting Snap Daemon...
[[0;32m  OK  [0m] Started System Logging Service.
[[0;1;31mFAILED[0m] Failed to mount /vagrant.
See 'systemctl status vagrant.mount' for details.
[[0;1;33mDEPEND[0m] Dependency failed for Remote File Systems.
         Starting LSB: automatic crash report generation...
         Starting Permit User Sessions...
[[0;32m  OK  [0m] Started Permit User Sessions.
         Starting Hold until boot process finishes up...
         Starting Terminate Plymouth Boot Screen...
         Starting Authorization Manager...
[[0;32m  OK  [0m] Started Hold until boot process finishes up.
[[0;32m  OK  [0m] Started Serial Getty on ttyS0.
         Starting Set console scheme...
[[0;32m  OK  [0m] Started Terminate Plymouth Boot Screen.
[[0;32m  OK  [0m] Started Set console scheme.
[[0;32m  OK  [0m] Created slice system-getty.slice.
[[0;32m  OK  [0m] Started Getty on tty1.
[[0;32m  OK  [0m] Reached target Login Prompts.
[[0;32m  OK  [0m] Started OpenBSD Secure Shell server.
[[0;32m  OK  [0m] Started LSB: automatic crash report generation.
[[0;32m  OK  [0m] Started LSB: Record successful boot for GRUB.
[[0;32m  OK  [0m] Started Authorization Manager.
[[0;32m  OK  [0m] Started Accounts Service.
[[0;32m  OK  [0m] Started Dispatcher daemon for systemd-networkd.
[[0;32m  OK  [0m] Created slice User Slice of vagrant.
         Starting User Manager for UID 1000...
[[0;32m  OK  [0m] Started Session 1 of user vagrant.
[[0;32m  OK  [0m] Started LXD - container startup/shutdown.

Ubuntu 18.04.6 LTS web01 ttyS0

web01 login: [   49.775178] cloud-init[1401]: Cloud-init v. 23.1.2-0ubuntu0~18.04.1 running 'modules:config' at Thu, 11 May 2023 11:53:54 +0000. Up 47.35 seconds.
[  117.235924] cloud-init[9898]: Cloud-init v. 23.1.2-0ubuntu0~18.04.1 running 'modules:final' at Thu, 11 May 2023 11:55:03 +0000. Up 116.80 seconds.
[  117.241476] cloud-init[9898]: Cloud-init v. 23.1.2-0ubuntu0~18.04.1 finished at Thu, 11 May 2023 11:55:04 +0000. Datasource DataSourceNoCloud [seed=/dev/sdb][dsmode=net].  Up 117.20 seconds
